Microchip MPLAB XC8 Compiler V2.35

Linker command line:

-W-3 --edf=C:\Program Files\Microchip\xc8\v2.35\pic\dat\en_msgs.txt -cn \
  -h+dist/default/production\JSFR-001_M.X.production.sym \
  --cmf=dist/default/production\JSFR-001_M.X.production.cmf -z -Q16F887 \
  -oC:\Users\THEJ0S~1\AppData\Local\Temp\xcAs4c4.4 --defsym=__MPLAB_BUILD=1 \
  -Mdist/default/production/JSFR-001_M.X.production.map \
  --md=C:\Users\THEJ0S~1\AppData\Local\Temp\xcAs4c4.dat -E1 \
  -ver=XC8 Compiler --acfsm=1493 -ACODE=00h-07FFhx4 -ASTRCODE=00h-01FFFh \
  -ASTRING=00h-0FFhx32 -ACONST=00h-0FFhx32 -AENTRY=00h-0FFhx32 \
  -ACOMMON=070h-07Fh -ABANK0=020h-06Fh -ABANK1=0A0h-0EFh \
  -ABANK2=0110h-016Fh -ABANK3=0190h-01EFh \
  -ARAM=020h-06Fh,0A0h-0EFh,0110h-016Fh,0190h-01EFh \
  -AABS1=020h-07Fh,0A0h-0EFh,0110h-016Fh,0190h-01EFh -ASFR0=00h-01Fh \
  -ASFR1=080h-09Fh -ASFR2=0100h-010Fh -ASFR3=0180h-018Fh \
  -ACONFIG=02007h-02008h -DCONFIG=2 -AIDLOC=02000h-02003h -DIDLOC=2 \
  -AEEDATA=00h-0FFh/02100h -peeprom_data=EEDATA -DEEDATA=2 -DCODE=2 \
  -DSTRCODE=2 -DSTRING=2 -DCONST=2 -DENTRY=2 \
  -preset_vec=00h,intentry=04h,init,end_init -ppowerup=CODE -pcinit=CODE \
  -pfunctab=ENTRY -k C:\Users\THEJ0S~1\AppData\Local\Temp\xcAs4c4.o \
  dist/default/production\JSFR-001_M.X.production.o 

Object code version is 3.11

Machine type is 16F887



                Name                               Link     Load   Length Selector   Space Scale
C:\Users\THEJ0S~1\AppData\Local\Temp\xcAs4c4.o
                end_init                             10       10        3        8       0
                reset_vec                             0        0        3        0       0
                config                             2007     2007        2        0       4
                idloc                              2000     2000        4        0       5
dist/default/production\JSFR-001_M.X.production.o
                cinit                                13       13       13        8       0
                intentry                              4        4        C        8       0
                config                             2007     2007        2        0       4
                idloc                              2000     2000        4        0       5
                text23                              809      809       17     1012       0
                text22                             1578     1578      288     2AF0       0
                text21                             1167     1167      1DD     22CE       0
                text20                             1039     1039       27     2072       0
                text19                              3E1      3E1      361        8       0
                text18                             1DF8     1DF8       9C     3BF0       0
                text17                             1F46     1F46       BA     3E8C       0
                text16                             1E94     1E94       B2     3D28       0
                text15                             1CD6     1CD6       90     39AC       0
                text14                             1BB2     1BB2        D     3764       0
                text13                             1013     1013       10     2026       0
                text12                              D48      D48      2B8     1A90       0
                text11                              820      820      288     1040       0
                text10                              AA8      AA8      2A0     1550       0
                text9                              1060     1060       29     20C0       0
                text8                                26       26      3BB        8       0
                text7                              1D66     1D66       92     3ACC       0
                text6                               742      742       BC        8       0
                text5                              1089     1089       DE     2112       0
                text4                              1C4A     1C4A       8C     3894       0
                text3                              1004     1004        F     2008       0
                text2                              1023     1023       16     2046       0
                text1                              1BBF     1BBF       8B     377E       0
                maintext                           1344     1344      234     2688       0
                cstackBANK0                          20       20       50       20       1
                cstackCOMMON                         70       70        E       70       1
                cstackBANK1                          A0       A0       32       A0       1
                cstackBANK3                         190      190       53      190       1
                bssBANK3                            1E3      1E3        2      190       1
                bssBANK1                             D2       D2        9       A0       1

TOTAL           Name                               Link     Load   Length     Space
        CLASS   CODE           
                end_init                             10       10        3         0
                cinit                                13       13       13         0
                intentry                              4        4        C         0
                reset_vec                             0        0        3         0
                text23                              809      809       17         0
                text22                             1578     1578      288         0
                text21                             1167     1167      1DD         0
                text20                             1039     1039       27         0
                text19                              3E1      3E1      361         0
                text18                             1DF8     1DF8       9C         0
                text17                             1F46     1F46       BA         0
                text16                             1E94     1E94       B2         0
                text15                             1CD6     1CD6       90         0
                text14                             1BB2     1BB2        D         0
                text13                             1013     1013       10         0
                text12                              D48      D48      2B8         0
                text11                              820      820      288         0
                text10                              AA8      AA8      2A0         0
                text9                              1060     1060       29         0
                text8                                26       26      3BB         0
                text7                              1D66     1D66       92         0
                text6                               742      742       BC         0
                text5                              1089     1089       DE         0
                text4                              1C4A     1C4A       8C         0
                text3                              1004     1004        F         0
                text2                              1023     1023       16         0
                text1                              1BBF     1BBF       8B         0
                maintext                           1344     1344      234         0

        CLASS   STRCODE        

        CLASS   STRING         

        CLASS   CONST          

        CLASS   ENTRY          

        CLASS   COMMON         
                cstackCOMMON                         70       70        E         1

        CLASS   BANK0          
                cstackBANK0                          20       20       50         1

        CLASS   BANK1          
                cstackBANK1                          A0       A0       32         1
                bssBANK1                             D2       D2        9         1

        CLASS   BANK2          

        CLASS   BANK3          
                cstackBANK3                         190      190       53         1
                bssBANK3                            1E3      1E3        2         1

        CLASS   RAM            

        CLASS   ABS1           
                abs_s1                               7E       7E        2         1

        CLASS   SFR0           

        CLASS   SFR1           

        CLASS   SFR2           

        CLASS   SFR3           

        CLASS   CONFIG         
                config                             2007     2007        2         4

        CLASS   IDLOC          
                idloc                              2000     2000        4         5

        CLASS   EEDATA         

        CLASS   STACK          



SEGMENTS        Name                           Load    Length   Top    Selector   Space  Class     Delta

                reset_vec                      000000  000003  000003         0       0  CODE        2
                intentry                       000004  0007FA  0007FE         8       0  CODE        2
                cstackBANK0                    000020  000050  000070        20       1  BANK0       1
                cstackCOMMON                   000070  00000E  00007E        70       1  COMMON      1
                cstackBANK1                    0000A0  00003B  0000DB        A0       1  BANK1       1
                cstackBANK3                    000190  000055  0001E5       190       1  BANK3       1
                text23                         000809  000017  000820      1012       0  CODE        2
                text11                         000820  000288  000AA8      1040       0  CODE        2
                text10                         000AA8  0002A0  000D48      1550       0  CODE        2
                text12                         000D48  0002B8  001000      1A90       0  CODE        2
                text3                          001004  00000F  001013      2008       0  CODE        2
                text13                         001013  000010  001023      2026       0  CODE        2
                text2                          001023  000016  001039      2046       0  CODE        2
                text20                         001039  000027  001060      2072       0  CODE        2
                text9                          001060  000029  001089      20C0       0  CODE        2
                text5                          001089  0000DE  001167      2112       0  CODE        2
                text21                         001167  0001DD  001344      22CE       0  CODE        2
                maintext                       001344  000234  001578      2688       0  CODE        2
                text22                         001578  000288  001800      2AF0       0  CODE        2
                text14                         001BB2  00000D  001BBF      3764       0  CODE        2
                text1                          001BBF  00008B  001C4A      377E       0  CODE        2
                text4                          001C4A  00008C  001CD6      3894       0  CODE        2
                text15                         001CD6  000090  001D66      39AC       0  CODE        2
                text7                          001D66  000092  001DF8      3ACC       0  CODE        2
                text18                         001DF8  00009C  001E94      3BF0       0  CODE        2
                text16                         001E94  0000B2  001F46      3D28       0  CODE        2
                text17                         001F46  0000BA  002000      3E8C       0  CODE        2


UNUSED ADDRESS RANGES

        Name                Unused          Largest block    Delta
        BANK1            00DB-00EF             15           1
        BANK2            0110-016F             60           1
        BANK3            01E5-01EF              B           1
        CODE             0003-0003              1           2
                         07FE-0808              2
                         1000-1003              4
                         1800-1BB1            3B2
        CONST            0003-0003              1           2
                         07FE-0808              2
                         1000-1003              4
                         1800-1BB1            100
        EEDATA           2100-21FF            100           2
        ENTRY            0003-0003              1           2
                         07FE-0808              2
                         1000-1003              4
                         1800-1BB1            100
        RAM              00DB-00EF             15           1
                         0110-016F             60
                         01E5-01EF              B
        SFR0             0000-001F             20           1
        SFR1             0080-009F             20           1
        SFR2             0100-010F             10           1
        SFR3             0180-018F             10           1
        STRCODE          0003-0003              1           2
                         07FE-0808              B
                         1000-1003              4
                         1800-1BB1            3B2
        STRING           0003-0003              1           2
                         07FE-0808              2
                         1000-1003              4
                         1800-1BB1            100

                                  Symbol Table

?__Umul8_16                cstackBANK1  00B5
?___fladd                  cstackBANK3  01B7
?___fldiv                  cstackBANK1  00C3
?___flmul                  cstackBANK3  019D
?___fltol                  cstackBANK3  01CB
?___xxtofl                 cstackBANK1  00B5
?_interpole                cstackBANK3  01D4
?i1__Umul8_16              cstackCOMMON 0070
?i1___fladd                cstackBANK0  0054
?i1___fldiv                cstackBANK0  0020
?i1___flmul                cstackBANK0  003A
?i1___fltol                cstackBANK0  0068
?i1___xxtofl               cstackCOMMON 0070
?i1_interpole              cstackBANK1  00A5
_ADCON0bits                (abs)        001F
_ADCON1bits                (abs)        009F
_ADRESH                    (abs)        001E
_ANSEL                     (abs)        0188
_ANSELH                    (abs)        0189
_CCP1CON                   (abs)        0017
_CCP1CONbits               (abs)        0017
_CCP2CONbits               (abs)        001D
_CCPR1L                    (abs)        0015
_CCPR2L                    (abs)        001B
_CCPR_1                    bssBANK1     00D4
_CCPR_2                    bssBANK1     00D2
_EEADR                     (abs)        010D
_EECON1bits                (abs)        018C
_EECON2                    (abs)        018D
_EEDAT                     (abs)        010C
_INTCONbits                (abs)        000B
_IOCBbits                  (abs)        0096
_OPTION_REGbits            (abs)        0081
_OSCCONbits                (abs)        008F
_PIE1bits                  (abs)        008C
_PIR1bits                  (abs)        000C
_PORTA                     (abs)        0005
_PORTB                     (abs)        0006
_PORTBbits                 (abs)        0006
_PORTC                     (abs)        0007
_PORTD                     (abs)        0008
_PORTDbits                 (abs)        0008
_PORTE                     (abs)        0009
_PR2                       (abs)        0092
_SSPBUF                    (abs)        0013
_SSPCONbits                (abs)        0014
_SSPSTATbits               (abs)        0094
_T2CONbits                 (abs)        0012
_TRISA                     (abs)        0085
_TRISB                     (abs)        0086
_TRISC                     (abs)        0087
_TRISCbits                 (abs)        0087
_TRISD                     (abs)        0088
_TRISE                     (abs)        0089
_WPUBbits                  (abs)        0095
__Habs1                    abs1         0000
__Hbank0                   bank0        0000
__Hbank1                   bank1        0000
__Hbank2                   bank2        0000
__Hbank3                   bank3        0000
__HbssBANK1                bssBANK1     0000
__HbssBANK3                bssBANK3     0000
__Hcinit                   cinit        0026
__Hclrtext                 clrtext      0000
__Hcode                    code         0000
__Hcommon                  common       0000
__Hconfig                  config       2009
__HcstackBANK0             cstackBANK0  0000
__HcstackBANK1             cstackBANK1  0000
__HcstackBANK3             cstackBANK3  0000
__HcstackCOMMON            cstackCOMMON 0000
__Heeprom_data             eeprom_data  0000
__Hend_init                end_init     0013
__Hfunctab                 functab      0000
__Hidloc                   idloc        2004
__Hinit                    init         0010
__Hintentry                intentry     0010
__Hmaintext                maintext     0000
__Hpowerup                 powerup      0000
__Hram                     ram          0000
__Hreset_vec               reset_vec    0003
__Hsfr0                    sfr0         0000
__Hsfr1                    sfr1         0000
__Hsfr2                    sfr2         0000
__Hsfr3                    sfr3         0000
__Hspace_0                 (abs)        2000
__Hspace_1                 (abs)        01E5
__Hspace_2                 (abs)        0000
__Hspace_3                 (abs)        0000
__Hspace_4                 (abs)        4010
__Hstack                   stack        0000
__Hstrings                 strings      0000
__Htext                    text         0000
__Labs1                    abs1         0000
__Lbank0                   bank0        0000
__Lbank1                   bank1        0000
__Lbank2                   bank2        0000
__Lbank3                   bank3        0000
__LbssBANK1                bssBANK1     0000
__LbssBANK3                bssBANK3     0000
__Lcinit                   cinit        0013
__Lclrtext                 clrtext      0000
__Lcode                    code         0000
__Lcommon                  common       0000
__Lconfig                  config       0000
__LcstackBANK0             cstackBANK0  0000
__LcstackBANK1             cstackBANK1  0000
__LcstackBANK3             cstackBANK3  0000
__LcstackCOMMON            cstackCOMMON 0000
__Leeprom_data             eeprom_data  0000
__Lend_init                end_init     0010
__Lfunctab                 functab      0000
__Lidloc                   idloc        0000
__Linit                    init         0010
__Lintentry                intentry     0004
__Lmaintext                maintext     0000
__Lpowerup                 powerup      0000
__Lram                     ram          0000
__Lreset_vec               reset_vec    0000
__Lsfr0                    sfr0         0000
__Lsfr1                    sfr1         0000
__Lsfr2                    sfr2         0000
__Lsfr3                    sfr3         0000
__Lspace_0                 (abs)        0000
__Lspace_1                 (abs)        0000
__Lspace_2                 (abs)        0000
__Lspace_3                 (abs)        0000
__Lspace_4                 (abs)        0000
__Lstack                   stack        0000
__Lstrings                 strings      0000
__Ltext                    text         0000
__S0                       (abs)        2000
__S1                       (abs)        01E5
__S3                       (abs)        0000
__Umul8_16                 text9        1060
__Umul8_16@multiplicand    cstackBANK1  00B5
__Umul8_16@multiplier      cstackBANK1  00BD
__Umul8_16@product         cstackBANK1  00B9
__Umul8_16@word_mpld       cstackBANK1  00BB
___fladd                   text11       0820
___fladd@a                 cstackBANK3  01BB
___fladd@aexp              cstackBANK3  01C8
___fladd@b                 cstackBANK3  01B7
___fladd@bexp              cstackBANK3  01C9
___fladd@grs               cstackBANK3  01CA
___fladd@signs             cstackBANK3  01C7
___fldiv                   text10       0AA8
___fldiv@a                 cstackBANK1  00C3
___fldiv@aexp              cstackBANK3  019C
___fldiv@b                 cstackBANK1  00C7
___fldiv@bexp              cstackBANK3  019B
___fldiv@grs               cstackBANK3  0197
___fldiv@new_exp           cstackBANK3  0195
___fldiv@rem               cstackBANK3  0190
___fldiv@sign              cstackBANK3  0194
___flmul                   text8        0026
___flmul@a                 cstackBANK3  01A1
___flmul@aexp              cstackBANK3  01AB
___flmul@b                 cstackBANK3  019D
___flmul@bexp              cstackBANK3  01B0
___flmul@grs               cstackBANK3  01AC
___flmul@prod              cstackBANK3  01B1
___flmul@sign              cstackBANK3  01AA
___flmul@temp              cstackBANK3  01B5
___fltol                   text7        1D66
___fltol@exp1              cstackBANK1  00D1
___fltol@f1                cstackBANK3  01CB
___fltol@sign1             cstackBANK1  00D0
___int_sp                  stack        0000
___latbits                 (abs)        0002
___sp                      stack        0000
___stackhi                 (abs)        0000
___stacklo                 (abs)        0000
___xxtofl                  text6        0742
___xxtofl@arg              cstackBANK1  00BF
___xxtofl@exp              cstackBANK1  00BE
___xxtofl@sign             cstackBANK1  00BD
___xxtofl@val              cstackBANK1  00B5
__end_of__Umul8_16         text9        1089
__end_of___fladd           text11       0AA8
__end_of___fldiv           text10       0D48
__end_of___flmul           text8        03E1
__end_of___fltol           text7        1DF8
__end_of___xxtofl          text6        07FE
__end_of__initialization   cinit        0022
__end_of_interpole         text5        1167
__end_of_isr               text12       1000
__end_of_main              maintext     1578
__end_of_move_servo        text4        1CD6
__end_of_read_EEPROM       text3        1013
__end_of_send_data         text2        1039
__end_of_setup             text1        1C4A
__end_of_write_EEPROM      text23       0820
__end_ofi1__Umul8_16       text20       1060
__end_ofi1___fladd         text22       1800
__end_ofi1___fldiv         text21       1344
__end_ofi1___flmul         text19       0742
__end_ofi1___fltol         text18       1E94
__end_ofi1___xxtofl        text17       2000
__end_ofi1_interpole       text16       1F46
__end_ofi1_move_servo      text15       1D66
__end_ofi1_read_EEPROM     text14       1BBF
__end_ofi1_send_data       text13       1023
__initialization           cinit        0013
__pbssBANK1                bssBANK1     00D2
__pbssBANK3                bssBANK3     01E3
__pcstackBANK0             cstackBANK0  0020
__pcstackBANK1             cstackBANK1  00A0
__pcstackBANK3             cstackBANK3  0190
__pcstackCOMMON            cstackCOMMON 0070
__pintentry                intentry     0004
__pmaintext                maintext     1344
__ptext1                   text1        1BBF
__ptext10                  text10       0AA8
__ptext11                  text11       0820
__ptext12                  text12       0D48
__ptext13                  text13       1013
__ptext14                  text14       1BB2
__ptext15                  text15       1CD6
__ptext16                  text16       1E94
__ptext17                  text17       1F46
__ptext18                  text18       1DF8
__ptext19                  text19       03E1
__ptext2                   text2        1023
__ptext20                  text20       1039
__ptext21                  text21       1167
__ptext22                  text22       1578
__ptext23                  text23       0809
__ptext3                   text3        1004
__ptext4                   text4        1C4A
__ptext5                   text5        1089
__ptext6                   text6        0742
__ptext7                   text7        1D66
__ptext8                   text8        0026
__ptext9                   text9        1060
_interpole                 text5        1089
_isr                       text12       0D48
_main                      maintext     1344
_mode_flag                 bssBANK1     00D6
_move_servo                text4        1C4A
_pot_LA1                   bssBANK1     00D8
_pot_LP2                   bssBANK1     00D7
_pot_RA1                   bssBANK1     00DA
_pot_RP2                   bssBANK1     00D9
_read_EEPROM               text3        1004
_send_data                 text2        1023
_setup                     text1        1BBF
_wheel_flag_l              bssBANK3     01E3
_wheel_flag_r              bssBANK3     01E4
_write_EEPROM              text23       0809
btemp                      (abs)        007E
end_of_initialization      cinit        0022
i1__Umul8_16               text20       1039
i1__Umul8_16@multiplicand  cstackCOMMON 0070
i1__Umul8_16@multiplier    cstackCOMMON 0078
i1__Umul8_16@product       cstackCOMMON 0074
i1__Umul8_16@word_mpld     cstackCOMMON 0076
i1___fladd                 text22       1578
i1___fladd@a               cstackBANK0  0058
i1___fladd@aexp            cstackBANK0  0065
i1___fladd@b               cstackBANK0  0054
i1___fladd@bexp            cstackBANK0  0066
i1___fladd@grs             cstackBANK0  0067
i1___fladd@signs           cstackBANK0  0064
i1___fldiv                 text21       1167
i1___fldiv@a               cstackBANK0  0020
i1___fldiv@aexp            cstackBANK0  0039
i1___fldiv@b               cstackBANK0  0024
i1___fldiv@bexp            cstackBANK0  0038
i1___fldiv@grs             cstackBANK0  0034
i1___fldiv@new_exp         cstackBANK0  0032
i1___fldiv@rem             cstackBANK0  002D
i1___fldiv@sign            cstackBANK0  0031
i1___flmul                 text19       03E1
i1___flmul@a               cstackBANK0  003E
i1___flmul@aexp            cstackBANK0  004C
i1___flmul@b               cstackBANK0  003A
i1___flmul@bexp            cstackBANK0  004D
i1___flmul@grs             cstackBANK0  0048
i1___flmul@prod            cstackBANK0  004E
i1___flmul@sign            cstackBANK0  0047
i1___flmul@temp            cstackBANK0  0052
i1___fltol                 text18       1DF8
i1___fltol@exp1            cstackBANK0  006D
i1___fltol@f1              cstackBANK0  0068
i1___fltol@sign1           cstackBANK0  006C
i1___xxtofl                text17       1F46
i1___xxtofl@arg            cstackCOMMON 007A
i1___xxtofl@exp            cstackCOMMON 0079
i1___xxtofl@sign           cstackCOMMON 0078
i1___xxtofl@val            cstackCOMMON 0070
i1_interpole               text16       1E94
i1_move_servo              text15       1CD6
i1_read_EEPROM             text14       1BB2
i1_send_data               text13       1013
i1interpole@in_max         cstackBANK1  00A6
i1interpole@in_min         cstackBANK1  00A5
i1interpole@out_max        cstackBANK1  00A9
i1interpole@out_min        cstackBANK1  00A7
i1interpole@value          cstackBANK0  006E
i1move_servo@CCPR          cstackBANK1  00AE
i1move_servo@interpole_val cstackBANK0  006F
i1move_servo@servo         cstackBANK1  00AD
i1read_EEPROM@address      cstackCOMMON 0070
i1send_data@data           cstackCOMMON 0070
interpole@in_max           cstackBANK3  01D5
interpole@in_min           cstackBANK3  01D4
interpole@out_max          cstackBANK3  01D8
interpole@out_min          cstackBANK3  01D6
interpole@value            cstackBANK3  01DA
interrupt_function         intentry     0004
intlevel0                  functab      0000
intlevel1                  functab      0000
intlevel2                  functab      0000
intlevel3                  functab      0000
intlevel4                  functab      0000
intlevel5                  functab      0000
move_servo@CCPR            cstackBANK3  01DF
move_servo@interpole_val   cstackBANK3  01DB
move_servo@servo           cstackBANK3  01DE
read_EEPROM@address        cstackBANK1  00B5
reset_vec                  reset_vec    0000
saved_w                    (abs)        007E
send_data@data             cstackBANK1  00B5
start                      init         0010
start_initialization       cinit        0013
write_EEPROM@address       cstackCOMMON 0071
write_EEPROM@data          cstackCOMMON 0070
wtemp0                     (abs)        007E


MODULE INFORMATION

Module		Function		Class		Link	Load	Size
C:\Program Files\Microchip\xc8\v2.35\pic\sources\c90\common\xxtofl.c
		___xxtofl      		CODE           	0742	0000	188

C:\Program Files\Microchip\xc8\v2.35\pic\sources\c90\common\xxtofl.c estimated size: 188

C:\Program Files\Microchip\xc8\v2.35\pic\sources\c90\common\fltol.c
		___fltol       		CODE           	1D66	0000	146

C:\Program Files\Microchip\xc8\v2.35\pic\sources\c90\common\fltol.c estimated size: 146

C:\Program Files\Microchip\xc8\v2.35\pic\sources\c90\common\sprcmul.c
		___flmul       		CODE           	0026	0000	955

C:\Program Files\Microchip\xc8\v2.35\pic\sources\c90\common\sprcmul.c estimated size: 955

C:\Program Files\Microchip\xc8\v2.35\pic\sources\c90\common\sprcdiv.c
		___fldiv       		CODE           	0AA8	0000	672

C:\Program Files\Microchip\xc8\v2.35\pic\sources\c90\common\sprcdiv.c estimated size: 672

shared
		i1_send_data   		CODE           	1013	0000	16
		i1___fladd     		CODE           	1578	0000	648
		i1_move_servo  		CODE           	1CD6	0000	144
		i1__Umul8_16   		CODE           	1039	0000	39
		i1___fldiv     		CODE           	1167	0000	477
		i1___fltol     		CODE           	1DF8	0000	156
		__initialization		CODE           	0013	0000	15
		i1___flmul     		CODE           	03E1	0000	865
		i1___xxtofl    		CODE           	1F46	0000	186
		i1_read_EEPROM 		CODE           	1BB2	0000	13
		i1_interpole   		CODE           	1E94	0000	178

shared estimated size: 2737

C:\Program Files\Microchip\xc8\v2.35\pic\sources\c90\common\Umul8_16.c
		__Umul8_16     		CODE           	1060	0000	41

C:\Program Files\Microchip\xc8\v2.35\pic\sources\c90\common\Umul8_16.c estimated size: 41

main_master.c
		_send_data     		CODE           	1023	0000	22
		_main          		CODE           	1344	0000	564
		_isr           		CODE           	0D48	0000	696
		_interpole     		CODE           	1089	0000	222
		_move_servo    		CODE           	1C4A	0000	140
		_setup         		CODE           	1BBF	0000	139
		_read_EEPROM   		CODE           	1004	0000	15
		_write_EEPROM  		CODE           	0809	0000	23

main_master.c estimated size: 1821

C:\Program Files\Microchip\xc8\v2.35\pic\sources\c90\common\sprcadd.c
		___fladd       		CODE           	0820	0000	648

C:\Program Files\Microchip\xc8\v2.35\pic\sources\c90\common\sprcadd.c estimated size: 648

